ansi.c:6:6:fgcolor	24	static
ansi.c:26:6:bgcolor	16	static
ansi.c:48:6:color	32	static
ansi.c:58:6:resetbgcolor	8	static
ansi.c:63:6:underline	16	static
ansi.c:68:6:gotoxy	16	static
ansi.c:72:6:blink	16	static
ansi.c:77:6:inverse	16	static
ansi.c:82:6:clrscr	8	static
ansi.c:86:6:clrseol	8	static
ansi.c:90:6:clear	8	static
ansi.c:94:6:updatepos	24	static
ansi.c:99:6:drawball	16	static
ansi.c:104:6:clearball	16	static
ansi.c:109:6:hidecursor	8	static
ansi.c:113:6:check_collision	16	static
ansi.c:127:6:updatehitbox	24	static
ansi.c:163:6:window	56	static
ansi.c:221:6:graphic	40	static
ansi.c:283:6:gamewindow	16	static
